#-----------------------------------------------------------
# Vivado v2023.2 (64-bit)
# SW Build 4029153 on Fri Oct 13 20:14:34 MDT 2023
# IP Build 4028589 on Sat Oct 14 00:45:43 MDT 2023
# SharedData Build 4025554 on Tue Oct 10 17:18:54 MDT 2023
# Start of session at: Sat May 25 15:09:17 2024
# Process ID: 15628
# Current directory: D:/1Facultate/Borzei Catalin/DSD/VHDL_TETRIS/project_1
# Command line: vivado.exe -gui_launcher_event rodinguilauncherevent6208 D:\1Facultate\Borzei Catalin\DSD\VHDL_TETRIS\project_1\project_1.xpr
# Log file: D:/1Facultate/Borzei Catalin/DSD/VHDL_TETRIS/project_1/vivado.log
# Journal file: D:/1Facultate/Borzei Catalin/DSD/VHDL_TETRIS/project_1\vivado.jou
# Running On: voldemort, OS: Windows, CPU Frequency: 2592 MHz, CPU Physical cores: 6, Host memory: 16945 MB
#-----------------------------------------------------------
start_gui
open_project {D:/1Facultate/Borzei Catalin/DSD/VHDL_TETRIS/project_1/project_1.xpr}
update_compile_order -fileset sources_1
reset_run synth_2
launch_runs impl_2 -to_step write_bitstream -jobs 6
wait_on_run impl_2
open_run impl_2
