Copyright 1986-2022 Xilinx, Inc. All Rights Reserved. Copyright 2022-2023 Advanced Micro Devices, Inc. All Rights Reserved.
---------------------------------------------------------------------------------------------------------------------------------------------
| Tool Version : Vivado v.2023.2 (win64) Build 4029153 Fri Oct 13 20:14:34 MDT 2023
| Date         : Wed May 22 15:53:51 2024
| Host         : DESKTOP-ODUVKK8 running 64-bit major release  (build 9200)
| Command      : report_control_sets -verbose -file vga_control_sets_placed.rpt
| Design       : vga
| Device       : xc7a35t
---------------------------------------------------------------------------------------------------------------------------------------------

Control Set Information

Table of Contents
-----------------
1. Summary
2. Histogram
3. Flip-Flop Distribution
4. Detailed Control Set Information

1. Summary
----------

+----------------------------------------------------------+-------+
|                          Status                          | Count |
+----------------------------------------------------------+-------+
| Total control sets                                       |     8 |
|    Minimum number of control sets                        |     8 |
|    Addition due to synthesis replication                 |     0 |
|    Addition due to physical synthesis replication        |     0 |
| Unused register locations in slices containing registers |    37 |
+----------------------------------------------------------+-------+
* Control sets can be merged at opt_design using control_set_merge or merge_equivalent_drivers
** Run report_qor_suggestions for automated merging and remapping suggestions


2. Histogram
------------

+--------------------+-------+
|       Fanout       | Count |
+--------------------+-------+
| Total control sets |     8 |
| >= 0 to < 4        |     3 |
| >= 4 to < 6        |     1 |
| >= 6 to < 8        |     0 |
| >= 8 to < 10       |     1 |
| >= 10 to < 12      |     1 |
| >= 12 to < 14      |     1 |
| >= 14 to < 16      |     0 |
| >= 16              |     1 |
+--------------------+-------+
* Control sets can be remapped at either synth_design or opt_design


3. Flip-Flop Distribution
-------------------------

+--------------+-----------------------+------------------------+-----------------+--------------+
| Clock Enable | Synchronous Set/Reset | Asynchronous Set/Reset | Total Registers | Total Slices |
+--------------+-----------------------+------------------------+-----------------+--------------+
| No           | No                    | No                     |              22 |            9 |
| No           | No                    | Yes                    |              14 |            6 |
| No           | Yes                   | No                     |               0 |            0 |
| Yes          | No                    | No                     |               0 |            0 |
| Yes          | No                    | Yes                    |              11 |            5 |
| Yes          | Yes                   | No                     |              12 |            2 |
+--------------+-----------------------+------------------------+-----------------+--------------+


4. Detailed Control Set Information
-----------------------------------

+-------------------+---------------+------------------+------------------+----------------+--------------+
|    Clock Signal   | Enable Signal | Set/Reset Signal | Slice Load Count | Bel Load Count | Bels / Slice |
+-------------------+---------------+------------------+------------------+----------------+--------------+
|  a/clk_reg_n_0    |               | rst_IBUF         |                1 |              1 |         1.00 |
|  clk_IBUF_BUFG    |               | rst_IBUF         |                1 |              1 |         1.00 |
|  a/clock25mh_BUFG |               |                  |                2 |              2 |         1.00 |
|  a/clock25mh_BUFG | G[3]_i_2_n_0  | G                |                1 |              4 |         4.00 |
|  a/clock25mh_BUFG | R[3]_i_2_n_0  | R                |                1 |              8 |         8.00 |
|  a/clock25mh_BUFG | TCH_reg_n_0   | rst_IBUF         |                5 |             11 |         2.20 |
|  a/clock25mh_BUFG |               | rst_IBUF         |                4 |             12 |         3.00 |
|  clock            |               |                  |                7 |             20 |         2.86 |
+-------------------+---------------+------------------+------------------+----------------+--------------+


